PASS full-desktop enabled text and icon contrast
PASS full-desktop enabled readable target without clipping
PASS full-desktop hover text and icon contrast
PASS full-desktop hover readable target without clipping
PASS full-desktop focus text and icon contrast
PASS full-desktop focus readable target without clipping
PASS full-desktop visible keyboard focus
PASS full-desktop viewport has no horizontal overflow
PASS full-desktop active text and icon contrast
PASS full-desktop active readable target without clipping
PASS full-desktop prepared Start has white text on blue
PASS full-desktop existing trip disables another Start
PASS full-desktop disabled text and icon contrast
PASS full-desktop disabled readable target without clipping
PASS full-mobile enabled text and icon contrast
PASS full-mobile enabled readable target without clipping
PASS full-mobile hover text and icon contrast
PASS full-mobile hover readable target without clipping
PASS full-mobile focus text and icon contrast
PASS full-mobile focus readable target without clipping
PASS full-mobile visible keyboard focus
PASS full-mobile viewport has no horizontal overflow
PASS full-mobile active text and icon contrast
PASS full-mobile active readable target without clipping
PASS full-mobile prepared Start has white text on blue
PASS full-mobile existing trip disables another Start
PASS full-mobile disabled text and icon contrast
PASS full-mobile disabled readable target without clipping
PASS full-large-text enabled text and icon contrast
PASS full-large-text enabled readable target without clipping
PASS full-large-text hover text and icon contrast
PASS full-large-text hover readable target without clipping
PASS full-large-text focus text and icon contrast
PASS full-large-text focus readable target without clipping
PASS full-large-text visible keyboard focus
PASS full-large-text viewport has no horizontal overflow
PASS full-large-text active text and icon contrast
PASS full-large-text active readable target without clipping
PASS full-large-text prepared Start has white text on blue
PASS full-large-text existing trip disables another Start
PASS full-large-text disabled text and icon contrast
PASS full-large-text disabled readable target without clipping
PASS simple-desktop enabled text and icon contrast
PASS simple-desktop enabled readable target without clipping
PASS simple-desktop hover text and icon contrast
PASS simple-desktop hover readable target without clipping
PASS simple-desktop focus text and icon contrast
PASS simple-desktop focus readable target without clipping
PASS simple-desktop visible keyboard focus
PASS simple-desktop viewport has no horizontal overflow
PASS simple-desktop active text and icon contrast
PASS simple-desktop active readable target without clipping
PASS simple-desktop prepared Start has white text on blue
PASS simple-desktop existing trip disables another Start
PASS simple-desktop disabled text and icon contrast
PASS simple-desktop disabled readable target without clipping
PASS simple-mobile enabled text and icon contrast
PASS simple-mobile enabled readable target without clipping
PASS simple-mobile hover text and icon contrast
PASS simple-mobile hover readable target without clipping
PASS simple-mobile focus text and icon contrast
PASS simple-mobile focus readable target without clipping
PASS simple-mobile visible keyboard focus
PASS simple-mobile viewport has no horizontal overflow
PASS simple-mobile active text and icon contrast
PASS simple-mobile active readable target without clipping
PASS simple-mobile prepared Start has white text on blue
PASS simple-mobile existing trip disables another Start
PASS simple-mobile disabled text and icon contrast
PASS simple-mobile disabled readable target without clipping
PASS simple-large-text enabled text and icon contrast
PASS simple-large-text enabled readable target without clipping
PASS simple-large-text hover text and icon contrast
PASS simple-large-text hover readable target without clipping
PASS simple-large-text focus text and icon contrast
PASS simple-large-text focus readable target without clipping
PASS simple-large-text visible keyboard focus
PASS simple-large-text viewport has no horizontal overflow
PASS simple-large-text active text and icon contrast
PASS simple-large-text active readable target without clipping
PASS simple-large-text prepared Start has white text on blue
PASS simple-large-text existing trip disables another Start
PASS simple-large-text disabled text and icon contrast
PASS simple-large-text disabled readable target without clipping
PASS no browser runtime errors
